Calibrated 3/423: JNPR, elapsed=2.0s
Calibrated 1/423: A, elapsed=2.0s
Calibrated 4/423: PSA, elapsed=2.0s
Calibrated 2/423: DAL, elapsed=2.0s
Calibrated 5/423: PSX, elapsed=2.8s
Calibrated 6/423: JPM, elapsed=3.0s
Calibrated 20/423: DGX, elapsed=6.0s
Calibrated 40/423: ADM, elapsed=11.0s
Calibrated 60/423: AES, elapsed=15.9s
Calibrated 80/423: AKAM, elapsed=20.9s
Calibrated 100/423: LVS, elapsed=25.8s
Calibrated 120/423: MAR, elapsed=30.5s
Calibrated 140/423: MCO, elapsed=35.4s
Calibrated 160/423: FAST, elapsed=40.2s
Calibrated 180/423: MMM, elapsed=45.0s
Calibrated 200/423: BBY, elapsed=49.8s
Calibrated 220/423: MSI, elapsed=54.6s
Calibrated 240/423: BRO, elapsed=59.5s
Calibrated 260/423: CAG, elapsed=64.3s
Calibrated 280/423: HCA, elapsed=69.2s
Calibrated 300/423: NWL, elapsed=73.9s
Calibrated 320/423: ODFL, elapsed=78.8s
Calibrated 340/423: OXY, elapsed=83.5s
Calibrated 360/423: PEP, elapsed=88.4s
Calibrated 380/423: PH, elapsed=93.3s
Calibrated 400/423: PNC, elapsed=98.1s
Calibrated 420/423: PPL, elapsed=103.0s
Calibrated 423/423: PRU, elapsed=103.7s
┌ Info: Test universe loaded
│   n_assets = 473
└   n_obs = 250
Completed pooled VaR calibration and independent validation; scored 416 holdout assets.
