[
  {
    "method": "naive",
    "alpha": 0.95,
    "assets": 416,
    "old_rate": 4.368107043558846,
    "new_rate": 4.035372258263839,
    "sd_pp": 2.080843610713122,
    "common_rate": 3.9473958008198777,
    "relative_threshold_change_median_pct": 0.1027964440744429,
    "relative_threshold_change_p95_pct": 0.30683443733381677,
    "relative_threshold_change_max_pct": 0.47593729507343335,
    "mean_rate_change_pp": 0.005792400370712575,
    "validation_rate": 5.027298617547101
  },
  {
    "method": "naive",
    "alpha": 0.99,
    "assets": 416,
    "old_rate": 1.2074644732777249,
    "new_rate": 0.8756178560395466,
    "sd_pp": 0.7001909736960115,
    "common_rate": 0.8500322533657987,
    "relative_threshold_change_median_pct": 0.28457819826908026,
    "relative_threshold_change_p95_pct": 0.9004486332123967,
    "relative_threshold_change_max_pct": 1.6119192429482712,
    "mean_rate_change_pp": 0.0,
    "validation_rate": 1.0081392879209161
  },
  {
    "method": "gaussian",
    "alpha": 0.95,
    "assets": 416,
    "old_rate": 4.947569122644428,
    "new_rate": 4.653228297806617,
    "sd_pp": 2.224014722775284,
    "common_rate": 4.542522421291395,
    "relative_threshold_change_median_pct": 0.08436447196012509,
    "relative_threshold_change_p95_pct": 0.24281644337572433,
    "relative_threshold_change_max_pct": 0.37261149807814065,
    "mean_rate_change_pp": 0.0009654000617850822,
    "validation_rate": 5.037272165585412
  },
  {
    "method": "gaussian",
    "alpha": 0.99,
    "assets": 416,
    "old_rate": 2.031172767995056,
    "new_rate": 1.7174467099165984,
    "sd_pp": 1.0789223268235006,
    "common_rate": 1.6646898474728011,
    "relative_threshold_change_median_pct": 0.12219137476024096,
    "relative_threshold_change_p95_pct": 0.3731949947851193,
    "relative_threshold_change_max_pct": 0.6850450892600979,
    "mean_rate_change_pp": 0.0,
    "validation_rate": 1.0205997065183818
  },
  {
    "method": "hybrid",
    "alpha": 0.95,
    "assets": 416,
    "old_rate": 5.966790237874572,
    "new_rate": 5.481541550818662,
    "sd_pp": 2.4530183107893087,
    "common_rate": 5.366543895790417,
    "relative_threshold_change_median_pct": 0.12452575807836858,
    "relative_threshold_change_p95_pct": 0.3929196763980875,
    "relative_threshold_change_max_pct": 0.5844999912237697,
    "mean_rate_change_pp": 0.0038616002471424105,
    "validation_rate": 5.032270427865303
  },
  {
    "method": "hybrid",
    "alpha": 0.99,
    "assets": 416,
    "old_rate": 1.6688774328081561,
    "new_rate": 1.1160024714241628,
    "sd_pp": 0.8103552967682695,
    "common_rate": 1.08204840085732,
    "relative_threshold_change_median_pct": 0.28340621944865363,
    "relative_threshold_change_p95_pct": 0.9307974099106249,
    "relative_threshold_change_max_pct": 1.6025681344462552,
    "mean_rate_change_pp": 0.004827000308928013,
    "validation_rate": 1.011966133765834
  },
  {
    "method": "residual_jumphmm",
    "alpha": 0.95,
    "assets": 416,
    "old_rate": 6.066043018226749,
    "new_rate": 5.621524559777573,
    "sd_pp": 2.553487438206509,
    "common_rate": 5.500759514742911,
    "relative_threshold_change_median_pct": 0.1064356848711128,
    "relative_threshold_change_p95_pct": 0.30807557841060906,
    "relative_threshold_change_max_pct": 0.586235165488168,
    "mean_rate_change_pp": 0.0028962001853573283,
    "validation_rate": 5.033094879518069
  },
  {
    "method": "residual_jumphmm",
    "alpha": 0.99,
    "assets": 416,
    "old_rate": 1.6709530429409944,
    "new_rate": 1.1623416743898725,
    "sd_pp": 0.8054708074563495,
    "common_rate": 1.1361508209001863,
    "relative_threshold_change_median_pct": 0.26188872245552397,
    "relative_threshold_change_p95_pct": 0.7986320657910064,
    "relative_threshold_change_max_pct": 1.827352535506137,
    "mean_rate_change_pp": 0.003861600247142237,
    "validation_rate": 1.0135078776645052
  },
  {
    "method": "block_bootstrap",
    "alpha": 0.95,
    "assets": 416,
    "old_rate": 6.127732082174852,
    "new_rate": 5.496022551745445,
    "sd_pp": 2.5216885641638704,
    "common_rate": 5.377988638491793,
    "relative_threshold_change_median_pct": 0.14382280414722168,
    "relative_threshold_change_p95_pct": 0.4492886906350946,
    "relative_threshold_change_max_pct": 1.0093139941409337,
    "mean_rate_change_pp": 0.0009654000617878578,
    "validation_rate": 5.032608317886932
  },
  {
    "method": "block_bootstrap",
    "alpha": 0.99,
    "assets": 416,
    "old_rate": 1.8401490577695407,
    "new_rate": 1.2810858819895021,
    "sd_pp": 0.8718881254771067,
    "common_rate": 1.245396092140588,
    "relative_threshold_change_median_pct": 0.22216419630304143,
    "relative_threshold_change_p95_pct": 0.7207741763536504,
    "relative_threshold_change_max_pct": 2.325736794786056,
    "mean_rate_change_pp": 0.0019308001235712052,
    "validation_rate": 1.0148700571516842
  },
  {
    "method": "garch_t",
    "alpha": 0.95,
    "assets": 386,
    "old_rate": 5.786982125392766,
    "new_rate": 5.065859292090647,
    "sd_pp": 2.448912753869977,
    "common_rate": 5.065859292090647,
    "relative_threshold_change_median_pct": 0.14477104626595114,
    "relative_threshold_change_p95_pct": 0.6519861056137677,
    "relative_threshold_change_max_pct": 2.5647552162601874,
    "mean_rate_change_pp": 0.0020808623093407363,
    "validation_rate": 5.030871673221379
  },
  {
    "method": "garch_t",
    "alpha": 0.99,
    "assets": 386,
    "old_rate": 1.8023805064818859,
    "new_rate": 1.2037788459537684,
    "sd_pp": 0.8872241992921239,
    "common_rate": 1.2037788459537684,
    "relative_threshold_change_median_pct": 0.2971424278478241,
    "relative_threshold_change_p95_pct": 1.034179162744073,
    "relative_threshold_change_max_pct": 3.947128830147678,
    "mean_rate_change_pp": 0.005202155773352361,
    "validation_rate": 1.014529621074975
  }
]
