This is pdfTeX, Version 3.141592653-2.6-1.40.26 (TeX Live 2024) (preloaded format=pdflatex 2024.4.15)  27 DEC 2025 13:23
entering extended mode
 restricted \write18 enabled.
 %&-line parsing enabled.
**./Paper_v1.tex
(./Paper_v1.tex
LaTeX2e <2023-11-01> patch level 1
L3 programming layer <2024-02-20>
(/usr/local/texlive/2024/texmf-dist/tex/latex/base/article.cls
Document Class: article 2023/05/17 v1.4n Standard LaTeX document class
(/usr/local/texlive/2024/texmf-dist/tex/latex/base/size12.clo
File: size12.clo 2023/05/17 v1.4n Standard LaTeX file (size option)
)
\c@part=\count188
\c@section=\count189
\c@subsection=\count190
\c@subsubsection=\count191
\c@paragraph=\count192
\c@subparagraph=\count193
\c@figure=\count194
\c@table=\count195
\abovecaptionskip=\skip48
\belowcaptionskip=\skip49
\bibindent=\dimen140
)
(/usr/local/texlive/2024/texmf-dist/tex/latex/psnfss/helvet.sty
Package: helvet 2020/03/25 PSNFSS-v9.3 (WaS) 

(/usr/local/texlive/2024/texmf-dist/tex/latex/graphics/keyval.sty
Package: keyval 2022/05/29 v1.15 key=value parser (DPC)
\KV@toks@=\toks17
))
(/usr/local/texlive/2024/texmf-dist/tex/latex/base/fontenc.sty
Package: fontenc 2021/04/29 v2.0v Standard LaTeX package
LaTeX Font Info:    Trying to load font information for T1+phv on input line 11
2.

(/usr/local/texlive/2024/texmf-dist/tex/latex/psnfss/t1phv.fd
File: t1phv.fd 2020/03/25 scalable font definitions for T1/phv.
)
LaTeX Font Info:    Font shape `T1/phv/m/n' will be
(Font)              scaled to size 11.39996pt on input line 112.
)
(/usr/local/texlive/2024/texmf-dist/tex/latex/base/inputenc.sty
Package: inputenc 2021/02/14 v1.3d Input encoding file
\inpenc@prehook=\toks18
\inpenc@posthook=\toks19
)
(/usr/local/texlive/2024/texmf-dist/tex/latex/sfmath/sfmath.sty
Package: sfmath 2007/08/27 v0.8 sans serif maths
LaTeX Font Info:    Overwriting symbol font `operators' in version `normal'
(Font)                  OT1/cmr/m/n --> OT1/phv/m/n on input line 329.
LaTeX Font Info:    Overwriting symbol font `operators' in version `bold'
(Font)                  OT1/cmr/bx/n --> OT1/phv/bx/n on input line 330.
\symSFMath=\mathgroup4
LaTeX Font Info:    Overwriting symbol font `SFMath' in version `normal'
(Font)                  OT1/phv/m/sl --> OT1/phv/m/sl on input line 343.
LaTeX Font Info:    Overwriting symbol font `SFMath' in version `bold'
(Font)                  OT1/phv/m/sl --> OT1/phv/bx/sl on input line 344.
LaTeX Font Info:    Redeclaring math symbol \imath on input line 398.
LaTeX Font Info:    Redeclaring math symbol \jmath on input line 399.
\symSFMathUp=\mathgroup5
LaTeX Font Info:    Overwriting symbol font `SFMathUp' in version `normal'
(Font)                  OT1/phv/m/n --> OT1/phv/m/n on input line 406.
LaTeX Font Info:    Overwriting symbol font `SFMathUp' in version `bold'
(Font)                  OT1/phv/m/n --> OT1/phv/bx/n on input line 407.
LaTeX Font Info:    Redeclaring math symbol \ldotp on input line 410.
\symSFMathGreek=\mathgroup6
LaTeX Font Info:    Overwriting symbol font `SFMathGreek' in version `normal'
(Font)                  OT1/cmss/m/n --> OT1/cmss/m/n on input line 419.
LaTeX Font Info:    Overwriting symbol font `SFMathGreek' in version `bold'
(Font)                  OT1/cmss/m/n --> OT1/cmss/bx/n on input line 420.
LaTeX Font Info:    Redeclaring math symbol \Gamma on input line 422.
LaTeX Font Info:    Redeclaring math symbol \Delta on input line 423.
LaTeX Font Info:    Redeclaring math symbol \Theta on input line 424.
LaTeX Font Info:    Redeclaring math symbol \Lambda on input line 425.
LaTeX Font Info:    Redeclaring math symbol \Xi on input line 426.
LaTeX Font Info:    Redeclaring math symbol \Pi on input line 427.
LaTeX Font Info:    Redeclaring math symbol \Sigma on input line 428.
LaTeX Font Info:    Redeclaring math symbol \Upsilon on input line 429.
LaTeX Font Info:    Redeclaring math symbol \Phi on input line 430.
LaTeX Font Info:    Redeclaring math symbol \Psi on input line 431.
LaTeX Font Info:    Redeclaring math symbol \Omega on input line 432.
\symSFMathUpGreek=\mathgroup7
LaTeX Font Info:    Overwriting symbol font `SFMathUpGreek' in version `normal'

(Font)                  OT1/cmss/m/n --> OT1/cmss/m/n on input line 436.
LaTeX Font Info:    Overwriting symbol font `SFMathUpGreek' in version `bold'
(Font)                  OT1/cmss/m/n --> OT1/cmss/bx/n on input line 437.
LaTeX Font Info:    Overwriting math alphabet `\mathnormal' in version `normal'

(Font)                  OML/cmm/m/it --> OT1/phv/m/sl on input line 446.
LaTeX Font Info:    Overwriting math alphabet `\mathnormal' in version `bold'
(Font)                  OML/cmm/b/it --> OT1/phv/bx/sl on input line 447.
LaTeX Font Info:    Overwriting math alphabet `\mathrm' in version `normal'
(Font)                  OT1/phv/m/n --> OT1/phv/m/n on input line 449.
LaTeX Font Info:    Overwriting math alphabet `\mathrm' in version `bold'
(Font)                  OT1/phv/bx/n --> OT1/phv/bx/n on input line 450.
LaTeX Font Info:    Overwriting math alphabet `\mathbf' in version `normal'
(Font)                  OT1/cmr/bx/n --> OT1/phv/bx/n on input line 452.
LaTeX Font Info:    Overwriting math alphabet `\mathbf' in version `bold'
(Font)                  OT1/cmr/bx/n --> OT1/phv/bx/n on input line 453.
LaTeX Font Info:    Overwriting math alphabet `\mathit' in version `normal'
(Font)                  OT1/cmr/m/it --> OT1/phv/m/sl on input line 455.
LaTeX Font Info:    Overwriting math alphabet `\mathit' in version `bold'
(Font)                  OT1/cmr/bx/it --> OT1/phv/bx/sl on input line 456.
LaTeX Font Info:    Overwriting math alphabet `\mathsf' in version `normal'
(Font)                  OT1/cmss/m/n --> OT1/phv/m/n on input line 458.
LaTeX Font Info:    Overwriting math alphabet `\mathsf' in version `bold'
(Font)                  OT1/cmss/bx/n --> OT1/phv/bx/n on input line 459.
LaTeX Font Info:    Overwriting math alphabet `\mathsl' in version `bold'
(Font)                  OT1/phv/m/sl --> OT1/phv/bx/sl on input line 466.
)
LaTeX Font Info:    Redeclaring math alphabet \mathcal on input line 11.

(/usr/local/texlive/2024/texmf-dist/tex/latex/geometry/geometry.sty
Package: geometry 2020/01/02 v5.9 Page Geometry

(/usr/local/texlive/2024/texmf-dist/tex/generic/iftex/ifvtex.sty
Package: ifvtex 2019/10/25 v1.7 ifvtex legacy package. Use iftex instead.

(/usr/local/texlive/2024/texmf-dist/tex/generic/iftex/iftex.sty
Package: iftex 2022/02/03 v1.0f TeX engine tests
))
\Gm@cnth=\count196
\Gm@cntv=\count197
\c@Gm@tempcnt=\count198
\Gm@bindingoffset=\dimen141
\Gm@wd@mp=\dimen142
\Gm@odd@mp=\dimen143
\Gm@even@mp=\dimen144
\Gm@layoutwidth=\dimen145
\Gm@layoutheight=\dimen146
\Gm@layouthoffset=\dimen147
\Gm@layoutvoffset=\dimen148
\Gm@dimlist=\toks20
)
(/usr/local/texlive/2024/texmf-dist/tex/latex/amsmath/amsmath.sty
Package: amsmath 2023/05/13 v2.17o AMS math features
\@mathmargin=\skip50

For additional information on amsmath, use the `?' option.
(/usr/local/texlive/2024/texmf-dist/tex/latex/amsmath/amstext.sty
Package: amstext 2021/08/26 v2.01 AMS text

(/usr/local/texlive/2024/texmf-dist/tex/latex/amsmath/amsgen.sty
File: amsgen.sty 1999/11/30 v2.0 generic functions
\@emptytoks=\toks21
\ex@=\dimen149
))
(/usr/local/texlive/2024/texmf-dist/tex/latex/amsmath/amsbsy.sty
Package: amsbsy 1999/11/29 v1.2d Bold Symbols
\pmbraise@=\dimen150
)
(/usr/local/texlive/2024/texmf-dist/tex/latex/amsmath/amsopn.sty
Package: amsopn 2022/04/08 v2.04 operator names
)
\inf@bad=\count199
LaTeX Info: Redefining \frac on input line 234.
\uproot@=\count266
\leftroot@=\count267
LaTeX Info: Redefining \overline on input line 399.
LaTeX Info: Redefining \colon on input line 410.
\classnum@=\count268
\DOTSCASE@=\count269
LaTeX Info: Redefining \ldots on input line 496.
LaTeX Info: Redefining \dots on input line 499.
LaTeX Info: Redefining \cdots on input line 620.
\Mathstrutbox@=\box51
\strutbox@=\box52
LaTeX Info: Redefining \big on input line 722.
LaTeX Info: Redefining \Big on input line 723.
LaTeX Info: Redefining \bigg on input line 724.
LaTeX Info: Redefining \Bigg on input line 725.
\big@size=\dimen151
LaTeX Font Info:    Redeclaring font encoding OML on input line 743.
LaTeX Font Info:    Redeclaring font encoding OMS on input line 744.
\macc@depth=\count270
LaTeX Info: Redefining \bmod on input line 905.
LaTeX Info: Redefining \pmod on input line 910.
LaTeX Info: Redefining \smash on input line 940.
LaTeX Info: Redefining \relbar on input line 970.
LaTeX Info: Redefining \Relbar on input line 971.
\c@MaxMatrixCols=\count271
\dotsspace@=\muskip16
\c@parentequation=\count272
\dspbrk@lvl=\count273
\tag@help=\toks22
\row@=\count274
\column@=\count275
\maxfields@=\count276
\andhelp@=\toks23
\eqnshift@=\dimen152
\alignsep@=\dimen153
\tagshift@=\dimen154
\tagwidth@=\dimen155
\totwidth@=\dimen156
\lineht@=\dimen157
\@envbody=\toks24
\multlinegap=\skip51
\multlinetaggap=\skip52
\mathdisplay@stack=\toks25
LaTeX Info: Redefining \[ on input line 2953.
LaTeX Info: Redefining \] on input line 2954.
)
(/usr/local/texlive/2024/texmf-dist/tex/latex/amsfonts/amssymb.sty
Package: amssymb 2013/01/14 v3.01 AMS font symbols

(/usr/local/texlive/2024/texmf-dist/tex/latex/amsfonts/amsfonts.sty
Package: amsfonts 2013/01/14 v3.01 Basic AMSFonts support
\symAMSa=\mathgroup8
\symAMSb=\mathgroup9
LaTeX Font Info:    Redeclaring math symbol \hbar on input line 98.
LaTeX Font Info:    Overwriting math alphabet `\mathfrak' in version `bold'
(Font)                  U/euf/m/n --> U/euf/b/n on input line 106.
))
(/usr/local/texlive/2024/texmf-dist/tex/latex/graphics/graphicx.sty
Package: graphicx 2021/09/16 v1.2d Enhanced LaTeX Graphics (DPC,SPQR)

(/usr/local/texlive/2024/texmf-dist/tex/latex/graphics/graphics.sty
Package: graphics 2022/03/10 v1.4e Standard LaTeX Graphics (DPC,SPQR)

(/usr/local/texlive/2024/texmf-dist/tex/latex/graphics/trig.sty
Package: trig 2021/08/11 v1.11 sin cos tan (DPC)
)
(/usr/local/texlive/2024/texmf-dist/tex/latex/graphics-cfg/graphics.cfg
File: graphics.cfg 2016/06/04 v1.11 sample graphics configuration
)
Package graphics Info: Driver file: pdftex.def on input line 107.

(/usr/local/texlive/2024/texmf-dist/tex/latex/graphics-def/pdftex.def
File: pdftex.def 2022/09/22 v1.2b Graphics/color driver for pdftex
))
\Gin@req@height=\dimen158
\Gin@req@width=\dimen159
)
(/usr/local/texlive/2024/texmf-dist/tex/latex/algorithms/algorithm.sty
Package: algorithm 2009/08/24 v0.1 Document Style `algorithm' - floating enviro
nment

(/usr/local/texlive/2024/texmf-dist/tex/latex/float/float.sty
Package: float 2001/11/08 v1.3d Float enhancements (AL)
\c@float@type=\count277
\float@exts=\toks26
\float@box=\box53
\@float@everytoks=\toks27
\@floatcapt=\box54
)
(/usr/local/texlive/2024/texmf-dist/tex/latex/base/ifthen.sty
Package: ifthen 2022/04/13 v1.1d Standard LaTeX ifthen package (DPC)
)
\@float@every@algorithm=\toks28
\c@algorithm=\count278
)
(/usr/local/texlive/2024/texmf-dist/tex/latex/algorithms/algorithmic.sty
Package: algorithmic 2009/08/24 v0.1 Document Style `algorithmic'
\c@ALC@unique=\count279
\c@ALC@line=\count280
\c@ALC@rem=\count281
\c@ALC@depth=\count282
\ALC@tlm=\skip53
\algorithmicindent=\skip54
)
(/usr/local/texlive/2024/texmf-dist/tex/latex/booktabs/booktabs.sty
Package: booktabs 2020/01/12 v1.61803398 Publication quality tables
\heavyrulewidth=\dimen160
\lightrulewidth=\dimen161
\cmidrulewidth=\dimen162
\belowrulesep=\dimen163
\belowbottomsep=\dimen164
\aboverulesep=\dimen165
\abovetopsep=\dimen166
\cmidrulesep=\dimen167
\cmidrulekern=\dimen168
\defaultaddspace=\dimen169
\@cmidla=\count283
\@cmidlb=\count284
\@aboverulesep=\dimen170
\@belowrulesep=\dimen171
\@thisruleclass=\count285
\@lastruleclass=\count286
\@thisrulewidth=\dimen172
)
(/usr/local/texlive/2024/texmf-dist/tex/latex/url/url.sty
\Urlmuskip=\muskip17
Package: url 2013/09/16  ver 3.4  Verb mode for urls, etc.
)
(/usr/local/texlive/2024/texmf-dist/tex/latex/cite/cite.sty
LaTeX Info: Redefining \cite on input line 302.
LaTeX Info: Redefining \nocite on input line 332.
Package: cite 2015/02/27  v 5.5
)
(/usr/local/texlive/2024/texmf-dist/tex/latex/hyperref/hyperref.sty
Package: hyperref 2024-01-20 v7.01h Hypertext links for LaTeX

(/usr/local/texlive/2024/texmf-dist/tex/latex/kvsetkeys/kvsetkeys.sty
Package: kvsetkeys 2022-10-05 v1.19 Key value parser (HO)
)
(/usr/local/texlive/2024/texmf-dist/tex/generic/kvdefinekeys/kvdefinekeys.sty
Package: kvdefinekeys 2019-12-19 v1.6 Define keys (HO)
)
(/usr/local/texlive/2024/texmf-dist/tex/generic/pdfescape/pdfescape.sty
Package: pdfescape 2019/12/09 v1.15 Implements pdfTeX's escape features (HO)

(/usr/local/texlive/2024/texmf-dist/tex/generic/ltxcmds/ltxcmds.sty
Package: ltxcmds 2023-12-04 v1.26 LaTeX kernel commands for general use (HO)
)
(/usr/local/texlive/2024/texmf-dist/tex/generic/pdftexcmds/pdftexcmds.sty
Package: pdftexcmds 2020-06-27 v0.33 Utility functions of pdfTeX for LuaTeX (HO
)

(/usr/local/texlive/2024/texmf-dist/tex/generic/infwarerr/infwarerr.sty
Package: infwarerr 2019/12/03 v1.5 Providing info/warning/error messages (HO)
)
Package pdftexcmds Info: \pdf@primitive is available.
Package pdftexcmds Info: \pdf@ifprimitive is available.
Package pdftexcmds Info: \pdfdraftmode found.
))
(/usr/local/texlive/2024/texmf-dist/tex/latex/hycolor/hycolor.sty
Package: hycolor 2020-01-27 v1.10 Color options for hyperref/bookmark (HO)
)
(/usr/local/texlive/2024/texmf-dist/tex/latex/auxhook/auxhook.sty
Package: auxhook 2019-12-17 v1.6 Hooks for auxiliary files (HO)
)
(/usr/local/texlive/2024/texmf-dist/tex/latex/hyperref/nameref.sty
Package: nameref 2023-11-26 v2.56 Cross-referencing by name of section

(/usr/local/texlive/2024/texmf-dist/tex/latex/refcount/refcount.sty
Package: refcount 2019/12/15 v3.6 Data extraction from label references (HO)
)
(/usr/local/texlive/2024/texmf-dist/tex/generic/gettitlestring/gettitlestring.s
ty
Package: gettitlestring 2019/12/15 v1.6 Cleanup title references (HO)
 (/usr/local/texlive/2024/texmf-dist/tex/latex/kvoptions/kvoptions.sty
Package: kvoptions 2022-06-15 v3.15 Key value format for package options (HO)
))
\c@section@level=\count287
)
(/usr/local/texlive/2024/texmf-dist/tex/latex/etoolbox/etoolbox.sty
Package: etoolbox 2020/10/05 v2.5k e-TeX tools for LaTeX (JAW)
\etb@tempcnta=\count288
)
\@linkdim=\dimen173
\Hy@linkcounter=\count289
\Hy@pagecounter=\count290

(/usr/local/texlive/2024/texmf-dist/tex/latex/hyperref/pd1enc.def
File: pd1enc.def 2024-01-20 v7.01h Hyperref: PDFDocEncoding definition (HO)
Now handling font encoding PD1 ...
... no UTF-8 mapping file for font encoding PD1
)
(/usr/local/texlive/2024/texmf-dist/tex/generic/intcalc/intcalc.sty
Package: intcalc 2019/12/15 v1.3 Expandable calculations with integers (HO)
)
\Hy@SavedSpaceFactor=\count291

(/usr/local/texlive/2024/texmf-dist/tex/latex/hyperref/puenc.def
File: puenc.def 2024-01-20 v7.01h Hyperref: PDF Unicode definition (HO)
Now handling font encoding PU ...
... no UTF-8 mapping file for font encoding PU
)
Package hyperref Info: Option `colorlinks' set `true' on input line 4062.
Package hyperref Info: Hyper figures OFF on input line 4179.
Package hyperref Info: Link nesting OFF on input line 4184.
Package hyperref Info: Hyper index ON on input line 4187.
Package hyperref Info: Plain pages OFF on input line 4194.
Package hyperref Info: Backreferencing OFF on input line 4199.
Package hyperref Info: Implicit mode ON; LaTeX internals redefined.
Package hyperref Info: Bookmarks ON on input line 4446.
\c@Hy@tempcnt=\count292
LaTeX Info: Redefining \url on input line 4784.
\XeTeXLinkMargin=\dimen174

(/usr/local/texlive/2024/texmf-dist/tex/generic/bitset/bitset.sty
Package: bitset 2019/12/09 v1.3 Handle bit-vector datatype (HO)

(/usr/local/texlive/2024/texmf-dist/tex/generic/bigintcalc/bigintcalc.sty
Package: bigintcalc 2019/12/15 v1.5 Expandable calculations on big integers (HO
)
))
\Fld@menulength=\count293
\Field@Width=\dimen175
\Fld@charsize=\dimen176
Package hyperref Info: Hyper figures OFF on input line 6063.
Package hyperref Info: Link nesting OFF on input line 6068.
Package hyperref Info: Hyper index ON on input line 6071.
Package hyperref Info: backreferencing OFF on input line 6078.
Package hyperref Info: Link coloring ON on input line 6081.
Package hyperref Info: Link coloring with OCG OFF on input line 6088.
Package hyperref Info: PDF/A mode OFF on input line 6093.

(/usr/local/texlive/2024/texmf-dist/tex/latex/base/atbegshi-ltx.sty
Package: atbegshi-ltx 2021/01/10 v1.0c Emulation of the original atbegshi
package with kernel methods
)
\Hy@abspage=\count294
\c@Item=\count295
\c@Hfootnote=\count296
)
Package hyperref Info: Driver (autodetected): hpdftex.

(/usr/local/texlive/2024/texmf-dist/tex/latex/hyperref/hpdftex.def
File: hpdftex.def 2024-01-20 v7.01h Hyperref driver for pdfTeX

(/usr/local/texlive/2024/texmf-dist/tex/latex/base/atveryend-ltx.sty
Package: atveryend-ltx 2020/08/19 v1.0a Emulation of the original atveryend pac
kage
with kernel methods
)
\Fld@listcount=\count297
\c@bookmark@seq@number=\count298

(/usr/local/texlive/2024/texmf-dist/tex/latex/rerunfilecheck/rerunfilecheck.sty
Package: rerunfilecheck 2022-07-10 v1.10 Rerun checks for auxiliary files (HO)

(/usr/local/texlive/2024/texmf-dist/tex/generic/uniquecounter/uniquecounter.sty
Package: uniquecounter 2019/12/15 v1.4 Provide unlimited unique counter (HO)
)
Package uniquecounter Info: New unique counter `rerunfilecheck' on input line 2
85.
)
\Hy@SectionHShift=\skip55
) (/usr/local/texlive/2024/texmf-dist/tex/latex/titlesec/titlesec.sty
Package: titlesec 2023/10/27 v2.16 Sectioning titles
\ttl@box=\box55
\beforetitleunit=\skip56
\aftertitleunit=\skip57
\ttl@plus=\dimen177
\ttl@minus=\dimen178
\ttl@toksa=\toks29
\titlewidth=\dimen179
\titlewidthlast=\dimen180
\titlewidthfirst=\dimen181
)
(/usr/local/texlive/2024/texmf-dist/tex/latex/preprint/authblk.sty
Package: authblk 2001/02/27 1.3 (PWD)
\affilsep=\skip58
\@affilsep=\skip59
\c@Maxaffil=\count299
\c@authors=\count300
\c@affil=\count301
)
(/usr/local/texlive/2024/texmf-dist/tex/latex/caption/subcaption.sty
Package: subcaption 2023/07/28 v1.6b Sub-captions (AR)

(/usr/local/texlive/2024/texmf-dist/tex/latex/caption/caption.sty
Package: caption 2023/08/05 v3.6o Customizing captions (AR)

(/usr/local/texlive/2024/texmf-dist/tex/latex/caption/caption3.sty
Package: caption3 2023/07/31 v2.4d caption3 kernel (AR)
\caption@tempdima=\dimen182
\captionmargin=\dimen183
\caption@leftmargin=\dimen184
\caption@rightmargin=\dimen185
\caption@width=\dimen186
\caption@indent=\dimen187
\caption@parindent=\dimen188
\caption@hangindent=\dimen189
Package caption Info: Standard document class detected.
)
\c@caption@flags=\count302
\c@continuedfloat=\count303
Package caption Info: float package is loaded.
Package caption Info: hyperref package is loaded.
)
Package caption Info: New subtype `subfigure' on input line 238.
\c@subfigure=\count304
Package caption Info: New subtype `subtable' on input line 238.
\c@subtable=\count305
)
(/usr/local/texlive/2024/texmf-dist/tex/latex/placeins/placeins.sty
Package: placeins 2005/04/18  v 2.2
)
(/usr/local/texlive/2024/texmf-dist/tex/latex/l3backend/l3backend-pdftex.def
File: l3backend-pdftex.def 2024-02-20 L3 backend support: PDF output (pdfTeX)
\l__color_backend_stack_int=\count306
\l__pdf_internal_box=\box56
)
(./Paper_v1.aux)
\openout1 = `Paper_v1.aux'.

LaTeX Font Info:    Checking defaults for OML/cmm/m/it on input line 70.
LaTeX Font Info:    ... okay on input line 70.
LaTeX Font Info:    Checking defaults for OMS/cmsy/m/n on input line 70.
LaTeX Font Info:    ... okay on input line 70.
LaTeX Font Info:    Checking defaults for OT1/cmr/m/n on input line 70.
LaTeX Font Info:    ... okay on input line 70.
LaTeX Font Info:    Checking defaults for T1/cmr/m/n on input line 70.
LaTeX Font Info:    ... okay on input line 70.
LaTeX Font Info:    Checking defaults for TS1/cmr/m/n on input line 70.
LaTeX Font Info:    ... okay on input line 70.
LaTeX Font Info:    Checking defaults for OMX/cmex/m/n on input line 70.
LaTeX Font Info:    ... okay on input line 70.
LaTeX Font Info:    Checking defaults for U/cmr/m/n on input line 70.
LaTeX Font Info:    ... okay on input line 70.
LaTeX Font Info:    Checking defaults for PD1/pdf/m/n on input line 70.
LaTeX Font Info:    ... okay on input line 70.
LaTeX Font Info:    Checking defaults for PU/pdf/m/n on input line 70.
LaTeX Font Info:    ... okay on input line 70.

*geometry* driver: auto-detecting
*geometry* detected driver: pdftex
*geometry* verbose mode - [ preamble ] result:
* driver: pdftex
* paper: letterpaper
* layout: <same size as paper>
* layoutoffset:(h,v)=(0.0pt,0.0pt)
* modes: 
* h-part:(L,W,R)=(72.26999pt, 469.75502pt, 72.26999pt)
* v-part:(T,H,B)=(72.26999pt, 650.43001pt, 72.26999pt)
* \paperwidth=614.295pt
* \paperheight=794.96999pt
* \textwidth=469.75502pt
* \textheight=650.43001pt
* \oddsidemargin=0.0pt
* \evensidemargin=0.0pt
* \topmargin=-37.0pt
* \headheight=12.0pt
* \headsep=25.0pt
* \topskip=12.0pt
* \footskip=30.0pt
* \marginparwidth=44.0pt
* \marginparsep=10.0pt
* \columnsep=10.0pt
* \skip\footins=10.8pt plus 4.0pt minus 2.0pt
* \hoffset=0.0pt
* \voffset=0.0pt
* \mag=1000
* \@twocolumnfalse
* \@twosidefalse
* \@mparswitchfalse
* \@reversemarginfalse
* (1in=72.27pt=25.4mm, 1cm=28.453pt)

(/usr/local/texlive/2024/texmf-dist/tex/context/base/mkii/supp-pdf.mkii
[Loading MPS to PDF converter (version 2006.09.02).]
\scratchcounter=\count307
\scratchdimen=\dimen190
\scratchbox=\box57
\nofMPsegments=\count308
\nofMParguments=\count309
\everyMPshowfont=\toks30
\MPscratchCnt=\count310
\MPscratchDim=\dimen191
\MPnumerator=\count311
\makeMPintoPDFobject=\count312
\everyMPtoPDFconversion=\toks31
) (/usr/local/texlive/2024/texmf-dist/tex/latex/epstopdf-pkg/epstopdf-base.sty
Package: epstopdf-base 2020-01-24 v2.11 Base part for package epstopdf

(/usr/local/texlive/2024/texmf-dist/tex/latex/grfext/grfext.sty
Package: grfext 2019/12/03 v1.3 Manage graphics extensions (HO)
)
Package epstopdf-base Info: Redefining graphics rule for `.eps' on input line 4
85.
Package grfext Info: Graphics extension search list:
(grfext)             [.pdf,.png,.jpg,.mps,.jpeg,.jbig2,.jb2,.PDF,.PNG,.JPG,.JPE
G,.JBIG2,.JB2,.eps]
(grfext)             \AppendGraphicsExtensions on input line 504.

(/usr/local/texlive/2024/texmf-dist/tex/latex/latexconfig/epstopdf-sys.cfg
File: epstopdf-sys.cfg 2010/07/13 v1.3 Configuration of (r)epstopdf for TeX Liv
e
))
(/usr/local/texlive/2024/texmf-dist/tex/latex/graphics/color.sty
Package: color 2022/01/06 v1.3d Standard LaTeX Color (DPC)

(/usr/local/texlive/2024/texmf-dist/tex/latex/graphics-cfg/color.cfg
File: color.cfg 2016/01/02 v1.6 sample color configuration
)
Package color Info: Driver file: pdftex.def on input line 149.

(/usr/local/texlive/2024/texmf-dist/tex/latex/graphics/mathcolor.ltx))
Package hyperref Info: Link coloring ON on input line 70.

(./Paper_v1.out) (./Paper_v1.out)
\@outlinefile=\write3
\openout3 = `Paper_v1.out'.

Package caption Info: Begin \AtBeginDocument code.
Package caption Info: End \AtBeginDocument code.
LaTeX Font Info:    Font shape `T1/phv/m/n' will be
(Font)              scaled to size 19.70294pt on input line 71.
LaTeX Font Info:    Font shape `T1/phv/b/n' will be
(Font)              scaled to size 19.70294pt on input line 71.
LaTeX Font Info:    Font shape `T1/phv/m/n' will be
(Font)              scaled to size 13.67995pt on input line 71.
LaTeX Font Info:    Trying to load font information for OT1+phv on input line 7
1.

(/usr/local/texlive/2024/texmf-dist/tex/latex/psnfss/ot1phv.fd
File: ot1phv.fd 2020/03/25 scalable font definitions for OT1/phv.
)
LaTeX Font Info:    Font shape `OT1/phv/m/n' will be
(Font)              scaled to size 13.67995pt on input line 71.
LaTeX Font Info:    Font shape `OT1/phv/m/n' will be
(Font)              scaled to size 9.49997pt on input line 71.
LaTeX Font Info:    Font shape `OT1/phv/m/n' will be
(Font)              scaled to size 6.64998pt on input line 71.
LaTeX Font Info:    Font shape `OT1/phv/m/sl' will be
(Font)              scaled to size 13.67995pt on input line 71.
LaTeX Font Info:    Font shape `OT1/phv/m/sl' will be
(Font)              scaled to size 9.49997pt on input line 71.
LaTeX Font Info:    Font shape `OT1/phv/m/sl' will be
(Font)              scaled to size 6.64998pt on input line 71.
LaTeX Font Info:    Trying to load font information for U+msa on input line 71.


(/usr/local/texlive/2024/texmf-dist/tex/latex/amsfonts/umsa.fd
File: umsa.fd 2013/01/14 v3.01 AMS symbols A
)
LaTeX Font Info:    Trying to load font information for U+msb on input line 71.


(/usr/local/texlive/2024/texmf-dist/tex/latex/amsfonts/umsb.fd
File: umsb.fd 2013/01/14 v3.01 AMS symbols B
)
LaTeX Font Info:    Font shape `T1/phv/m/n' will be
(Font)              scaled to size 10.40245pt on input line 73.
LaTeX Font Info:    Font shape `T1/phv/b/n' will be
(Font)              scaled to size 10.40245pt on input line 73.
LaTeX Font Info:    Font shape `OT1/phv/m/n' will be
(Font)              scaled to size 10.40245pt on input line 74.
LaTeX Font Info:    Font shape `OT1/phv/m/n' will be
(Font)              scaled to size 7.59998pt on input line 74.
LaTeX Font Info:    Font shape `OT1/phv/m/n' will be
(Font)              scaled to size 5.69998pt on input line 74.
LaTeX Font Info:    Font shape `OT1/phv/m/sl' will be
(Font)              scaled to size 10.40245pt on input line 74.
LaTeX Font Info:    Font shape `OT1/phv/m/sl' will be
(Font)              scaled to size 7.59998pt on input line 74.
LaTeX Font Info:    Font shape `OT1/phv/m/sl' will be
(Font)              scaled to size 5.69998pt on input line 74.

Overfull \hbox (3.70616pt too wide) in paragraph at lines 74--75
\T1/phv/m/n/10.95 count-ing, avoid-ing the com-pu-ta-tional com-plex-ity of lik
e-li-hood max-i-miza-tion and expectation-
 []

LaTeX Font Info:    Font shape `OT1/phv/m/n' will be
(Font)              scaled to size 11.39996pt on input line 78.
LaTeX Font Info:    Font shape `OT1/phv/m/sl' will be
(Font)              scaled to size 11.39996pt on input line 78.
[1

{/usr/local/texlive/2024/texmf-var/fonts/map/pdftex/updmap/pdftex.map}{/usr/loc
al/texlive/2024/texmf-dist/fonts/enc/dvips/base/8r.enc}]
LaTeX Font Info:    Font shape `T1/phv/b/n' will be
(Font)              scaled to size 13.67995pt on input line 88.
LaTeX Font Info:    Font shape `T1/phv/b/n' will be
(Font)              scaled to size 11.39996pt on input line 98.
 [2]
LaTeX Font Info:    Font shape `OT1/phv/bx/n' in size <12> not available
(Font)              Font shape `OT1/phv/b/n' tried instead on input line 109.
LaTeX Font Info:    Font shape `OT1/phv/b/n' will be
(Font)              scaled to size 11.39996pt on input line 109.
LaTeX Font Info:    Font shape `OT1/phv/bx/n' in size <8> not available
(Font)              Font shape `OT1/phv/b/n' tried instead on input line 109.
LaTeX Font Info:    Font shape `OT1/phv/b/n' will be
(Font)              scaled to size 7.59998pt on input line 109.
LaTeX Font Info:    Font shape `OT1/phv/bx/n' in size <6> not available
(Font)              Font shape `OT1/phv/b/n' tried instead on input line 109.
LaTeX Font Info:    Font shape `OT1/phv/b/n' will be
(Font)              scaled to size 5.69998pt on input line 109.

Overfull \hbox (5.81247pt too wide) in paragraph at lines 109--110
 []\T1/phv/b/n/12 Discrete hid-den Markov model en-cod-ing via quan-tile bin-ni
ng \T1/phv/m/n/12 We de-fine the hid-den Markov
 []

[3]
LaTeX Font Info:    Font shape `T1/phv/m/n' will be
(Font)              scaled to size 7.59998pt on input line 117.
LaTeX Font Info:    Font shape `T1/phv/m/n' will be
(Font)              scaled to size 5.69998pt on input line 117.
 [4]
<figs/Fig-SPY-90-InSample-Density-Comparison-NJ.pdf, id=103, 602.25pt x 401.5pt
>
File: figs/Fig-SPY-90-InSample-Density-Comparison-NJ.pdf Graphic file (type pdf
)
<use figs/Fig-SPY-90-InSample-Density-Comparison-NJ.pdf>
Package pdftex.def Info: figs/Fig-SPY-90-InSample-Density-Comparison-NJ.pdf  us
ed on input line 147.
(pdftex.def)             Requested size: 225.4804pt x 150.3232pt.
<figs/Fig-SPY-90-InSample-Return-Trajectories-NJ.pdf, id=104, 602.25pt x 401.5p
t>
File: figs/Fig-SPY-90-InSample-Return-Trajectories-NJ.pdf Graphic file (type pd
f)
<use figs/Fig-SPY-90-InSample-Return-Trajectories-NJ.pdf>
Package pdftex.def Info: figs/Fig-SPY-90-InSample-Return-Trajectories-NJ.pdf  u
sed on input line 153.
(pdftex.def)             Requested size: 225.4804pt x 150.3232pt.
<figs/Fig-SPY-90-ACF-Absolute-Growth-NJ.pdf, id=105, 602.25pt x 401.5pt>
File: figs/Fig-SPY-90-ACF-Absolute-Growth-NJ.pdf Graphic file (type pdf)
<use figs/Fig-SPY-90-ACF-Absolute-Growth-NJ.pdf>
Package pdftex.def Info: figs/Fig-SPY-90-ACF-Absolute-Growth-NJ.pdf  used on in
put line 159.
(pdftex.def)             Requested size: 225.4804pt x 150.3232pt.
<figs/Fig-SPY-90-ACF-Growth-NJ.pdf, id=106, 602.25pt x 401.5pt>
File: figs/Fig-SPY-90-ACF-Growth-NJ.pdf Graphic file (type pdf)
<use figs/Fig-SPY-90-ACF-Growth-NJ.pdf>
Package pdftex.def Info: figs/Fig-SPY-90-ACF-Growth-NJ.pdf  used on input line 
165.
(pdftex.def)             Requested size: 225.4804pt x 150.3232pt.
<figs/Fig-SPY-90-InSample-Density-Comparison-HMM-WJ.pdf, id=109, 602.25pt x 401
.5pt>
File: figs/Fig-SPY-90-InSample-Density-Comparison-HMM-WJ.pdf Graphic file (type
 pdf)
<use figs/Fig-SPY-90-InSample-Density-Comparison-HMM-WJ.pdf>
Package pdftex.def Info: figs/Fig-SPY-90-InSample-Density-Comparison-HMM-WJ.pdf
  used on input line 178.
(pdftex.def)             Requested size: 225.4804pt x 150.3232pt.
<figs/Fig-SPY-90-InSample-Return-Trajectories-WJ.pdf, id=110, 602.25pt x 401.5p
t>
File: figs/Fig-SPY-90-InSample-Return-Trajectories-WJ.pdf Graphic file (type pd
f)
<use figs/Fig-SPY-90-InSample-Return-Trajectories-WJ.pdf>
Package pdftex.def Info: figs/Fig-SPY-90-InSample-Return-Trajectories-WJ.pdf  u
sed on input line 184.
(pdftex.def)             Requested size: 225.4804pt x 150.3232pt.
<figs/Fig-SPY-90-ACF-Absolute-Growth-WJ.pdf, id=111, 602.25pt x 401.5pt>
File: figs/Fig-SPY-90-ACF-Absolute-Growth-WJ.pdf Graphic file (type pdf)
<use figs/Fig-SPY-90-ACF-Absolute-Growth-WJ.pdf>
Package pdftex.def Info: figs/Fig-SPY-90-ACF-Absolute-Growth-WJ.pdf  used on in
put line 190.
(pdftex.def)             Requested size: 225.4804pt x 150.3232pt.
<figs/Fig-SPY-90-ACF-Growth-WJ.pdf, id=112, 602.25pt x 401.5pt>
File: figs/Fig-SPY-90-ACF-Growth-WJ.pdf Graphic file (type pdf)
<use figs/Fig-SPY-90-ACF-Growth-WJ.pdf>
Package pdftex.def Info: figs/Fig-SPY-90-ACF-Growth-WJ.pdf  used on input line 
196.
(pdftex.def)             Requested size: 225.4804pt x 150.3232pt.
 [5] [6 <./figs/Fig-SPY-90-InSample-Density-Comparison-NJ.pdf> <./figs/Fig-SPY-
90-InSample-Return-Trajectories-NJ.pdf> <./figs/Fig-SPY-90-ACF-Absolute-Growth-
NJ.pdf> <./figs/Fig-SPY-90-ACF-Growth-NJ.pdf>] [7 <./figs/Fig-SPY-90-InSample-D
ensity-Comparison-HMM-WJ.pdf> <./figs/Fig-SPY-90-InSample-Return-Trajectories-W
J.pdf> <./figs/Fig-SPY-90-ACF-Absolute-Growth-WJ.pdf> <./figs/Fig-SPY-90-ACF-Gr
owth-WJ.pdf>]
<figs/Fig-SPY-90-OOS-CorrelationDistance-WJ.pdf, id=146, 602.25pt x 401.5pt>
File: figs/Fig-SPY-90-OOS-CorrelationDistance-WJ.pdf Graphic file (type pdf)
<use figs/Fig-SPY-90-OOS-CorrelationDistance-WJ.pdf>
Package pdftex.def Info: figs/Fig-SPY-90-OOS-CorrelationDistance-WJ.pdf  used o
n input line 214.
(pdftex.def)             Requested size: 328.82707pt x 219.22668pt.
<figs/Fig-SPY-90-ExcessGrowthRate-Probability-Density-HMM-out-of-sample.pdf, id
=147, 602.25pt x 401.5pt>
File: figs/Fig-SPY-90-ExcessGrowthRate-Probability-Density-HMM-out-of-sample.pd
f Graphic file (type pdf)
<use figs/Fig-SPY-90-ExcessGrowthRate-Probability-Density-HMM-out-of-sample.pdf
>
Package pdftex.def Info: figs/Fig-SPY-90-ExcessGrowthRate-Probability-Density-H
MM-out-of-sample.pdf  used on input line 223.
(pdftex.def)             Requested size: 225.4804pt x 150.3232pt.
<figs/Fig-SPY-90-OOS-Return-Trajectories-WJ.pdf, id=148, 602.25pt x 401.5pt>
File: figs/Fig-SPY-90-OOS-Return-Trajectories-WJ.pdf Graphic file (type pdf)
<use figs/Fig-SPY-90-OOS-Return-Trajectories-WJ.pdf>
Package pdftex.def Info: figs/Fig-SPY-90-OOS-Return-Trajectories-WJ.pdf  used o
n input line 229.
(pdftex.def)             Requested size: 225.4804pt x 150.3232pt.
<figs/Fig-SPY-90-ACF-Absolute-Growth-WJ-OOS.pdf, id=149, 602.25pt x 401.5pt>
File: figs/Fig-SPY-90-ACF-Absolute-Growth-WJ-OOS.pdf Graphic file (type pdf)
<use figs/Fig-SPY-90-ACF-Absolute-Growth-WJ-OOS.pdf>
Package pdftex.def Info: figs/Fig-SPY-90-ACF-Absolute-Growth-WJ-OOS.pdf  used o
n input line 235.
(pdftex.def)             Requested size: 225.4804pt x 150.3232pt.
<figs/Fig-SPY-90-ACF-Growth-WJ-OOS.pdf, id=150, 602.25pt x 401.5pt>
File: figs/Fig-SPY-90-ACF-Growth-WJ-OOS.pdf Graphic file (type pdf)
<use figs/Fig-SPY-90-ACF-Growth-WJ-OOS.pdf>
Package pdftex.def Info: figs/Fig-SPY-90-ACF-Growth-WJ-OOS.pdf  used on input l
ine 241.
(pdftex.def)             Requested size: 225.4804pt x 150.3232pt.
 [8 <./figs/Fig-SPY-90-OOS-CorrelationDistance-WJ.pdf>]
[9 <./figs/Fig-SPY-90-ExcessGrowthRate-Probability-Density-HMM-out-of-sample.pd
f> <./figs/Fig-SPY-90-OOS-Return-Trajectories-WJ.pdf> <./figs/Fig-SPY-90-ACF-Ab
solute-Growth-WJ-OOS.pdf> <./figs/Fig-SPY-90-ACF-Growth-WJ-OOS.pdf>]
LaTeX Font Info:    Trying to load font information for T1+cmtt on input line 2
62.

(/usr/local/texlive/2024/texmf-dist/tex/latex/base/t1cmtt.fd
File: t1cmtt.fd 2023/04/13 v2.5m Standard LaTeX font definitions
) [10{/usr/local/texlive/2024/texmf-dist/fonts/enc/dvips/cm-super/cm-super-t1.e
nc}]
(./Paper_v1.bbl
LaTeX Font Info:    Font shape `T1/phv/m/it' in size <12> not available
(Font)              Font shape `T1/phv/m/sl' tried instead on input line 26.
LaTeX Font Info:    Font shape `T1/phv/m/sl' will be
(Font)              scaled to size 11.39996pt on input line 26.
 [11] [12]) [13]
Package hyperref Info: bookmark level for unknown algorithm defaults to 0 on in
put line 274.
LaTeX Font Info:    Font shape `T1/phv/m/n' will be
(Font)              scaled to size 9.49997pt on input line 279.
 [14] [15]
<figs/Fig-SPY-30-InSample-Density-Comparison-NJ.pdf, id=279, 602.25pt x 401.5pt
>
File: figs/Fig-SPY-30-InSample-Density-Comparison-NJ.pdf Graphic file (type pdf
)
<use figs/Fig-SPY-30-InSample-Density-Comparison-NJ.pdf>
Package pdftex.def Info: figs/Fig-SPY-30-InSample-Density-Comparison-NJ.pdf  us
ed on input line 372.
(pdftex.def)             Requested size: 225.4804pt x 150.3232pt.
<figs/Fig-SPY-30-InSample-Return-Trajectories-NJ.pdf, id=280, 602.25pt x 401.5p
t>
File: figs/Fig-SPY-30-InSample-Return-Trajectories-NJ.pdf Graphic file (type pd
f)
<use figs/Fig-SPY-30-InSample-Return-Trajectories-NJ.pdf>
Package pdftex.def Info: figs/Fig-SPY-30-InSample-Return-Trajectories-NJ.pdf  u
sed on input line 378.
(pdftex.def)             Requested size: 225.4804pt x 150.3232pt.
<figs/Fig-SPY-30-InSample-Density-Comparison-HMM-WJ.pdf, id=281, 602.25pt x 401
.5pt>
File: figs/Fig-SPY-30-InSample-Density-Comparison-HMM-WJ.pdf Graphic file (type
 pdf)
<use figs/Fig-SPY-30-InSample-Density-Comparison-HMM-WJ.pdf>
Package pdftex.def Info: figs/Fig-SPY-30-InSample-Density-Comparison-HMM-WJ.pdf
  used on input line 389.
(pdftex.def)             Requested size: 225.4804pt x 150.3232pt.
<figs/Fig-SPY-30-InSample-Return-Trajectories-WJ.pdf, id=282, 602.25pt x 401.5p
t>
File: figs/Fig-SPY-30-InSample-Return-Trajectories-WJ.pdf Graphic file (type pd
f)
<use figs/Fig-SPY-30-InSample-Return-Trajectories-WJ.pdf>
Package pdftex.def Info: figs/Fig-SPY-30-InSample-Return-Trajectories-WJ.pdf  u
sed on input line 395.
(pdftex.def)             Requested size: 225.4804pt x 150.3232pt.
<figs/Fig-SPY-60-InSample-Density-Comparison-NJ.pdf, id=283, 602.25pt x 401.5pt
>
File: figs/Fig-SPY-60-InSample-Density-Comparison-NJ.pdf Graphic file (type pdf
)
<use figs/Fig-SPY-60-InSample-Density-Comparison-NJ.pdf>
Package pdftex.def Info: figs/Fig-SPY-60-InSample-Density-Comparison-NJ.pdf  us
ed on input line 406.
(pdftex.def)             Requested size: 225.4804pt x 150.3232pt.
<figs/Fig-SPY-60-InSample-Return-Trajectories-NJ.pdf, id=284, 602.25pt x 401.5p
t>
File: figs/Fig-SPY-60-InSample-Return-Trajectories-NJ.pdf Graphic file (type pd
f)
<use figs/Fig-SPY-60-InSample-Return-Trajectories-NJ.pdf>
Package pdftex.def Info: figs/Fig-SPY-60-InSample-Return-Trajectories-NJ.pdf  u
sed on input line 412.
(pdftex.def)             Requested size: 225.4804pt x 150.3232pt.
<figs/Fig-SPY-60-InSample-Density-Comparison-HMM-WJ.pdf, id=285, 602.25pt x 401
.5pt>
File: figs/Fig-SPY-60-InSample-Density-Comparison-HMM-WJ.pdf Graphic file (type
 pdf)
<use figs/Fig-SPY-60-InSample-Density-Comparison-HMM-WJ.pdf>
Package pdftex.def Info: figs/Fig-SPY-60-InSample-Density-Comparison-HMM-WJ.pdf
  used on input line 423.
(pdftex.def)             Requested size: 225.4804pt x 150.3232pt.
<figs/Fig-SPY-60-InSample-Return-Trajectories-WJ.pdf, id=286, 602.25pt x 401.5p
t>
File: figs/Fig-SPY-60-InSample-Return-Trajectories-WJ.pdf Graphic file (type pd
f)
<use figs/Fig-SPY-60-InSample-Return-Trajectories-WJ.pdf>
Package pdftex.def Info: figs/Fig-SPY-60-InSample-Return-Trajectories-WJ.pdf  u
sed on input line 429.
(pdftex.def)             Requested size: 225.4804pt x 150.3232pt.
 [16 <./figs/Fig-SPY-30-InSample-Density-Comparison-NJ.pdf> <./figs/Fig-SPY-30-
InSample-Return-Trajectories-NJ.pdf>]
[17 <./figs/Fig-SPY-30-InSample-Density-Comparison-HMM-WJ.pdf> <./figs/Fig-SPY-
30-InSample-Return-Trajectories-WJ.pdf> <./figs/Fig-SPY-60-InSample-Density-Com
parison-NJ.pdf> <./figs/Fig-SPY-60-InSample-Return-Trajectories-NJ.pdf> <./figs
/Fig-SPY-60-InSample-Density-Comparison-HMM-WJ.pdf> <./figs/Fig-SPY-60-InSample
-Return-Trajectories-WJ.pdf>] (./Paper_v1.aux)
 ***********
LaTeX2e <2023-11-01> patch level 1
L3 programming layer <2024-02-20>
 ***********
Package rerunfilecheck Info: File `Paper_v1.out' has not changed.
(rerunfilecheck)             Checksum: 979B1E34060E3DC606B9D98BA1628C02;670.
 ) 
Here is how much of TeX's memory you used:
 13343 strings out of 474116
 216510 string characters out of 5743682
 1945187 words of memory out of 5000000
 35366 multiletter control sequences out of 15000+600000
 615296 words of font info for 118 fonts, out of 8000000 for 9000
 1141 hyphenation exceptions out of 8191
 75i,9n,79p,1901b,872s stack positions out of 10000i,1000n,20000p,200000b,200000s
</usr/local/texlive/2024/texmf-dist/fonts/type1/public/amsfonts/cm/cmex10.pfb
></usr/local/texlive/2024/texmf-dist/fonts/type1/public/amsfonts/cm/cmmi12.pfb>
</usr/local/texlive/2024/texmf-dist/fonts/type1/public/amsfonts/cm/cmss12.pfb><
/usr/local/texlive/2024/texmf-dist/fonts/type1/public/amsfonts/cm/cmss8.pfb></u
sr/local/texlive/2024/texmf-dist/fonts/type1/public/amsfonts/cm/cmsy10.pfb></us
r/local/texlive/2024/texmf-dist/fonts/type1/public/amsfonts/cm/cmsy6.pfb></usr/
local/texlive/2024/texmf-dist/fonts/type1/public/amsfonts/cm/cmsy8.pfb></usr/lo
cal/texlive/2024/texmf-dist/fonts/type1/public/amsfonts/symbols/msbm10.pfb></us
r/local/texlive/2024/texmf-dist/fonts/type1/public/cm-super/sftt1200.pfb></usr/
local/texlive/2024/texmf-dist/fonts/type1/urw/helvetic/uhvb8a.pfb></usr/local/t
exlive/2024/texmf-dist/fonts/type1/urw/helvetic/uhvr8a.pfb></usr/local/texlive/
2024/texmf-dist/fonts/type1/urw/helvetic/uhvro8a.pfb>
Output written on Paper_v1.pdf (17 pages, 22038575 bytes).
PDF statistics:
 391 PDF objects out of 1000 (max. 8388607)
 323 compressed objects within 4 object streams
 129 named destinations out of 1000 (max. 500000)
 130 words of extra memory for PDF output out of 10000 (max. 10000000)

