Training 1/423 assets; 0.0 minutes
Training 25/423 assets; 0.0 minutes
Training 50/423 assets; 0.0 minutes
Training 75/423 assets; 0.0 minutes
Training 100/423 assets; 0.0 minutes
Training 125/423 assets; 0.0 minutes
Training 150/423 assets; 0.0 minutes
Training 175/423 assets; 0.0 minutes
Training 200/423 assets; 0.0 minutes
Training 225/423 assets; 0.0 minutes
Training 250/423 assets; 0.0 minutes
Training 275/423 assets; 0.0 minutes
Training 300/423 assets; 0.0 minutes
Training 325/423 assets; 0.0 minutes
Training 350/423 assets; 0.0 minutes
Training 375/423 assets; 0.0 minutes
Training 400/423 assets; 0.0 minutes
Training 423/423 assets; 0.0 minutes
┌ Info: Canonical training results complete
│   rows = 250800
│   assets = 423
└   garch_assets = 393
Test Summary:                | Pass  Total   Time
Training checkpoint recovery |    4      4  12.7s
