Epoch   1: loss=0.48457215, best=0.48457215, lr=1.0e-03
Recorded training loop matches original weights exactly after one epoch.
Traceback (most recent call last):
  File "/Users/jdv27/Desktop/julia_work/HMM-w-jumps-paper/code/baseline-comparison/neural-baseline/reproduce_gru.py", line 225, in <module>
    main()
    ~~~~^^
  File "/Users/jdv27/Desktop/julia_work/HMM-w-jumps-paper/code/baseline-comparison/neural-baseline/reproduce_gru.py", line 193, in main
    with ctx.Pool(args.workers, initializer=worker_init,
         ~~~~~~~~^^^^^^^^^^^^^^^^^^^^^^^^^^^^^^^^^^^^^^^
                  initargs=(weights, g_is, mu_is, sigma_is)) as pool:
                  ^^^^^^^^^^^^^^^^^^^^^^^^^^^^^^^^^^^^^^^^^^
  File "/opt/homebrew/Cellar/python@3.14/3.14.2_1/Frameworks/Python.framework/Versions/3.14/lib/python3.14/multiprocessing/context.py", line 119, in Pool
    return Pool(processes, initializer, initargs, maxtasksperchild,
                context=self.get_context())
  File "/opt/homebrew/Cellar/python@3.14/3.14.2_1/Frameworks/Python.framework/Versions/3.14/lib/python3.14/multiprocessing/pool.py", line 215, in __init__
    self._repopulate_pool()
    ~~~~~~~~~~~~~~~~~~~~~^^
  File "/opt/homebrew/Cellar/python@3.14/3.14.2_1/Frameworks/Python.framework/Versions/3.14/lib/python3.14/multiprocessing/pool.py", line 306, in _repopulate_pool
    return self._repopulate_pool_static(self._ctx, self.Process,
           ~~~~~~~~~~~~~~~~~~~~~~~~~~~~^^^^^^^^^^^^^^^^^^^^^^^^^
                                        self._processes,
                                        ^^^^^^^^^^^^^^^^
    ...<3 lines>...
                                        self._maxtasksperchild,
                                        ^^^^^^^^^^^^^^^^^^^^^^^
                                        self._wrap_exception)
                                        ^^^^^^^^^^^^^^^^^^^^^
  File "/opt/homebrew/Cellar/python@3.14/3.14.2_1/Frameworks/Python.framework/Versions/3.14/lib/python3.14/multiprocessing/pool.py", line 329, in _repopulate_pool_static
    w.start()
    ~~~~~~~^^
  File "/opt/homebrew/Cellar/python@3.14/3.14.2_1/Frameworks/Python.framework/Versions/3.14/lib/python3.14/multiprocessing/process.py", line 121, in start
    self._popen = self._Popen(self)
                  ~~~~~~~~~~~^^^^^^
  File "/opt/homebrew/Cellar/python@3.14/3.14.2_1/Frameworks/Python.framework/Versions/3.14/lib/python3.14/multiprocessing/context.py", line 288, in _Popen
    return Popen(process_obj)
  File "/opt/homebrew/Cellar/python@3.14/3.14.2_1/Frameworks/Python.framework/Versions/3.14/lib/python3.14/multiprocessing/popen_spawn_posix.py", line 32, in __init__
    super().__init__(process_obj)
    ~~~~~~~~~~~~~~~~^^^^^^^^^^^^^
  File "/opt/homebrew/Cellar/python@3.14/3.14.2_1/Frameworks/Python.framework/Versions/3.14/lib/python3.14/multiprocessing/popen_fork.py", line 20, in __init__
    self._launch(process_obj)
    ~~~~~~~~~~~~^^^^^^^^^^^^^
  File "/opt/homebrew/Cellar/python@3.14/3.14.2_1/Frameworks/Python.framework/Versions/3.14/lib/python3.14/multiprocessing/popen_spawn_posix.py", line 47, in _launch
    reduction.dump(process_obj, fp)
    ~~~~~~~~~~~~~~^^^^^^^^^^^^^^^^^
  File "/opt/homebrew/Cellar/python@3.14/3.14.2_1/Frameworks/Python.framework/Versions/3.14/lib/python3.14/multiprocessing/reduction.py", line 60, in dump
    ForkingPickler(file, protocol).dump(obj)
    ~~~~~~~~~~~~~~~~~~~~~~~~~~~~~~~~~~~^^^^^
  File "/Users/jdv27/Desktop/julia_work/HMM-w-jumps-paper/code/baseline-comparison/neural-baseline/.venv/lib/python3.14/site-packages/torch/multiprocessing/reductions.py", line 604, in reduce_storage
    metadata = storage._share_filename_cpu_()
  File "/Users/jdv27/Desktop/julia_work/HMM-w-jumps-paper/code/baseline-comparison/neural-baseline/.venv/lib/python3.14/site-packages/torch/storage.py", line 449, in wrapper
    return fn(self, *args, **kwargs)
  File "/Users/jdv27/Desktop/julia_work/HMM-w-jumps-paper/code/baseline-comparison/neural-baseline/.venv/lib/python3.14/site-packages/torch/storage.py", line 528, in _share_filename_cpu_
    return super()._share_filename_cpu_(*args, **kwargs)
           ~~~~~~~~~~~~~~~~~~~~~~~~~~~~^^^^^^^^^^^^^^^^^
RuntimeError: torch_shm_manager at "/Users/jdv27/Desktop/julia_work/HMM-w-jumps-paper/code/baseline-comparison/neural-baseline/.venv/lib/python3.14/site-packages/torch/bin/torch_shm_manager": Operation not permitted
Exception raised from start_manager at /Users/runner/work/pytorch/pytorch/pytorch/torch/lib/libshm/core.cpp:67 (most recent call first):
frame #0: c10::Error::Error(c10::SourceLocation, std::__1::basic_string<char, std::__1::char_traits<char>, std::__1::allocator<char>>) + 52 (0x107281988 in libc10.dylib)
frame #1: c10::detail::torchCheckFail(char const*, char const*, unsigned int, std::__1::basic_string<char, std::__1::char_traits<char>, std::__1::allocator<char>> const&) + 140 (0x10727e5e4 in libc10.dylib)
frame #2: THManagedMapAllocatorInit::THManagedMapAllocatorInit(char const*, char const*) + 1760 (0x106b0bf04 in libshm.dylib)
frame #3: THManagedMapAllocator::makeDataPtr(char const*, char const*, int, unsigned long) + 76 (0x106b0c4f8 in libshm.dylib)
frame #4: THPStorage_shareFilename(_object*, _object*) + 144 (0x10924ab9c in libtorch_python.dylib)
frame #5: _PyEval_EvalFrameDefault + 24864 (0x101220fbc in Python)
frame #6: _PyEval_Vector + 268 (0x10121ab98 in Python)
frame #7: PyObject_CallOneArg + 108 (0x1010ea220 in Python)
frame #8: save + 7776 (0x105fbbb64 in _pickle.cpython-314-darwin.so)
frame #9: save + 760 (0x105fb9ffc in _pickle.cpython-314-darwin.so)
frame #10: save_reduce + 428 (0x105fbeb40 in _pickle.cpython-314-darwin.so)
frame #11: save + 648 (0x105fb9f8c in _pickle.cpython-314-darwin.so)
frame #12: save + 760 (0x105fb9ffc in _pickle.cpython-314-darwin.so)
frame #13: save_reduce + 428 (0x105fbeb40 in _pickle.cpython-314-darwin.so)
frame #14: save + 648 (0x105fb9f8c in _pickle.cpython-314-darwin.so)
frame #15: save + 5196 (0x105fbb150 in _pickle.cpython-314-darwin.so)
frame #16: save + 1432 (0x105fba29c in _pickle.cpython-314-darwin.so)
frame #17: save + 1432 (0x105fba29c in _pickle.cpython-314-darwin.so)
frame #18: save + 5196 (0x105fbb150 in _pickle.cpython-314-darwin.so)
frame #19: save_reduce + 680 (0x105fbec3c in _pickle.cpython-314-darwin.so)
frame #20: save + 648 (0x105fb9f8c in _pickle.cpython-314-darwin.so)
frame #21: dump + 352 (0x105fb98ac in _pickle.cpython-314-darwin.so)
frame #22: _pickle_Pickler_dump + 108 (0x105fc6444 in _pickle.cpython-314-darwin.so)
frame #23: PyObject_Vectorcall + 88 (0x1010e9f4c in Python)
frame #24: _PyEval_EvalFrameDefault + 13112 (0x10121e1d4 in Python)
frame #25: _PyEval_Vector + 268 (0x10121ab98 in Python)
frame #26: _PyObject_VectorcallDictTstate + 92 (0x1010e926c in Python)
frame #27: call_method + 204 (0x10118c7e4 in Python)
frame #28: slot_tp_init + 52 (0x101194070 in Python)
frame #29: type_call + 152 (0x101182ee4 in Python)
frame #30: _PyObject_MakeTpCall + 120 (0x1010e9434 in Python)
frame #31: _PyEval_EvalFrameDefault + 23188 (0x101220930 in Python)
frame #32: _PyEval_Vector + 268 (0x10121ab98 in Python)
frame #33: _PyObject_VectorcallDictTstate + 200 (0x1010e92d8 in Python)
frame #34: call_method + 204 (0x10118c7e4 in Python)
frame #35: slot_tp_init + 52 (0x101194070 in Python)
frame #36: type_call + 152 (0x101182ee4 in Python)
frame #37: _PyObject_MakeTpCall + 120 (0x1010e9434 in Python)
frame #38: _PyEval_EvalFrameDefault + 38724 (0x1012245e0 in Python)
frame #39: PyEval_EvalCode + 248 (0x10121a9a0 in Python)
frame #40: run_mod + 172 (0x1012933c8 in Python)
frame #41: pyrun_file + 164 (0x101291c3c in Python)
frame #42: _PyRun_SimpleFileObject + 256 (0x1012911c0 in Python)
frame #43: _PyRun_AnyFileObject + 80 (0x101290e24 in Python)
frame #44: pymain_run_file_obj + 164 (0x1012bfe64 in Python)
frame #45: pymain_run_file + 72 (0x1012bfbac in Python)
frame #46: Py_RunMain + 852 (0x1012bf164 in Python)
frame #47: pymain_main + 232 (0x1012bf5fc in Python)
frame #48: Py_BytesMain + 40 (0x1012bf698 in Python)
frame #49: start + 6688 (0x18aedfe80 in dyld)

when serializing tuple item 0
when serializing torch.storage.TypedStorage reconstructor arguments
when serializing torch.storage.TypedStorage object
when serializing tuple item 1
when serializing torch.Tensor reconstructor arguments
when serializing torch.Tensor object
when serializing dict item 'gru.weight_ih_l0'
when serializing tuple item 0
when serializing tuple item 3
when serializing dict item '_args'
when serializing multiprocessing.context.SpawnProcess state
when serializing multiprocessing.context.SpawnProcess object
