Epoch   1: loss=0.48457215, best=0.48457215, lr=1.0e-03
Epoch   2: loss=0.45046315, best=0.45046315, lr=1.0e-03
Epoch   3: loss=0.40939105, best=0.40939105, lr=1.0e-03
Epoch   4: loss=0.37464831, best=0.37464831, lr=1.0e-03
Epoch   5: loss=0.34627767, best=0.34627767, lr=1.0e-03
Epoch   6: loss=0.32958878, best=0.32958878, lr=1.0e-03
Epoch   7: loss=0.30577783, best=0.30577783, lr=1.0e-03
Epoch   8: loss=0.30113827, best=0.30113827, lr=1.0e-03
Epoch   9: loss=0.27888832, best=0.27888832, lr=1.0e-03
Epoch  10: loss=0.28798341, best=0.27888832, lr=1.0e-03
Epoch  11: loss=0.26600944, best=0.26600944, lr=1.0e-03
Epoch  12: loss=0.26532246, best=0.26532246, lr=1.0e-03
Epoch  13: loss=0.26438275, best=0.26438275, lr=1.0e-03
Epoch  14: loss=0.26100859, best=0.26100859, lr=1.0e-03
Epoch  15: loss=0.25017536, best=0.25017536, lr=1.0e-03
Epoch  16: loss=0.24615494, best=0.24615494, lr=1.0e-03
Epoch  17: loss=0.25794985, best=0.24615494, lr=1.0e-03
Epoch  18: loss=0.26281018, best=0.24615494, lr=1.0e-03
Epoch  19: loss=0.25705594, best=0.24615494, lr=1.0e-03
Epoch  20: loss=0.25891650, best=0.24615494, lr=1.0e-03
Epoch  21: loss=0.25621166, best=0.24615494, lr=1.0e-03
Epoch  22: loss=0.24982545, best=0.24615494, lr=1.0e-03
Epoch  23: loss=0.24539325, best=0.24539325, lr=1.0e-03
Epoch  24: loss=0.24649642, best=0.24539325, lr=1.0e-03
Epoch  25: loss=0.24444145, best=0.24444145, lr=1.0e-03
Epoch  26: loss=0.24812080, best=0.24444145, lr=1.0e-03
Epoch  27: loss=0.24398841, best=0.24398841, lr=1.0e-03
Epoch  28: loss=0.25133674, best=0.24398841, lr=1.0e-03
Epoch  29: loss=0.25015089, best=0.24398841, lr=1.0e-03
Epoch  30: loss=0.25084661, best=0.24398841, lr=1.0e-03
Epoch  31: loss=0.24526383, best=0.24398841, lr=1.0e-03
Epoch  32: loss=0.24492157, best=0.24398841, lr=1.0e-03
Epoch  33: loss=0.24083632, best=0.24083632, lr=1.0e-03
Epoch  34: loss=0.24703222, best=0.24083632, lr=1.0e-03
Epoch  35: loss=0.24564226, best=0.24083632, lr=1.0e-03
Epoch  36: loss=0.24052536, best=0.24052536, lr=1.0e-03
Epoch  37: loss=0.24097341, best=0.24052536, lr=1.0e-03
Epoch  38: loss=0.24718494, best=0.24052536, lr=1.0e-03
Epoch  39: loss=0.24241945, best=0.24052536, lr=1.0e-03
Epoch  40: loss=0.24842638, best=0.24052536, lr=1.0e-03
Epoch  41: loss=0.24443124, best=0.24052536, lr=1.0e-03
Epoch  42: loss=0.23920390, best=0.23920390, lr=1.0e-03
Epoch  43: loss=0.23410697, best=0.23410697, lr=1.0e-03
Epoch  44: loss=0.23917007, best=0.23410697, lr=1.0e-03
Epoch  45: loss=0.24219744, best=0.23410697, lr=1.0e-03
Epoch  46: loss=0.23584201, best=0.23410697, lr=1.0e-03
Epoch  47: loss=0.23529050, best=0.23410697, lr=1.0e-03
Epoch  48: loss=0.23509159, best=0.23410697, lr=1.0e-03
Epoch  49: loss=0.23182263, best=0.23182263, lr=1.0e-03
Epoch  50: loss=0.23210167, best=0.23182263, lr=1.0e-03
Epoch  51: loss=0.23689421, best=0.23182263, lr=1.0e-03
Epoch  52: loss=0.22796599, best=0.22796599, lr=1.0e-03
Epoch  53: loss=0.23266385, best=0.22796599, lr=1.0e-03
Epoch  54: loss=0.22814864, best=0.22796599, lr=1.0e-03
Epoch  55: loss=0.22989633, best=0.22796599, lr=1.0e-03
Epoch  56: loss=0.22898887, best=0.22796599, lr=1.0e-03
Epoch  57: loss=0.22059490, best=0.22059490, lr=1.0e-03
Epoch  58: loss=0.22277401, best=0.22059490, lr=1.0e-03
Epoch  59: loss=0.21482218, best=0.21482218, lr=1.0e-03
Epoch  60: loss=0.22355321, best=0.21482218, lr=1.0e-03
Epoch  61: loss=0.23203526, best=0.21482218, lr=1.0e-03
Epoch  62: loss=0.23146102, best=0.21482218, lr=1.0e-03
Epoch  63: loss=0.22850053, best=0.21482218, lr=1.0e-03
Epoch  64: loss=0.21785318, best=0.21482218, lr=1.0e-03
Epoch  65: loss=0.23113035, best=0.21482218, lr=1.0e-03
Epoch  66: loss=0.23522471, best=0.21482218, lr=1.0e-03
Epoch  67: loss=0.22627438, best=0.21482218, lr=1.0e-03
Epoch  68: loss=0.22691743, best=0.21482218, lr=1.0e-03
Epoch  69: loss=0.22250564, best=0.21482218, lr=1.0e-03
Epoch  70: loss=0.21479239, best=0.21482218, lr=1.0e-03
Epoch  71: loss=0.22301050, best=0.21482218, lr=1.0e-03
Epoch  72: loss=0.21054539, best=0.21054539, lr=1.0e-03
Epoch  73: loss=0.22186632, best=0.21054539, lr=1.0e-03
Epoch  74: loss=0.21357378, best=0.21054539, lr=1.0e-03
Epoch  75: loss=0.20946000, best=0.20946000, lr=1.0e-03
Epoch  76: loss=0.21229677, best=0.20946000, lr=1.0e-03
Epoch  77: loss=0.21319451, best=0.20946000, lr=1.0e-03
Epoch  78: loss=0.21170464, best=0.20946000, lr=1.0e-03
Epoch  79: loss=0.21658785, best=0.20946000, lr=1.0e-03
Epoch  80: loss=0.21666863, best=0.20946000, lr=1.0e-03
Epoch  81: loss=0.20917721, best=0.20917721, lr=1.0e-03
Epoch  82: loss=0.20654170, best=0.20654170, lr=1.0e-03
Epoch  83: loss=0.20611614, best=0.20611614, lr=1.0e-03
Epoch  84: loss=0.21237494, best=0.20611614, lr=1.0e-03
Epoch  85: loss=0.20910922, best=0.20611614, lr=1.0e-03
Epoch  86: loss=0.21811832, best=0.20611614, lr=1.0e-03
Epoch  87: loss=0.20935512, best=0.20611614, lr=1.0e-03
Epoch  88: loss=0.20251777, best=0.20251777, lr=1.0e-03
Epoch  89: loss=0.20308417, best=0.20251777, lr=1.0e-03
Epoch  90: loss=0.20096327, best=0.20096327, lr=1.0e-03
Epoch  91: loss=0.19749167, best=0.19749167, lr=1.0e-03
Epoch  92: loss=0.20655302, best=0.19749167, lr=1.0e-03
Epoch  93: loss=0.19768248, best=0.19749167, lr=1.0e-03
Epoch  94: loss=0.19781202, best=0.19749167, lr=1.0e-03
Epoch  95: loss=0.19533987, best=0.19533987, lr=1.0e-03
Epoch  96: loss=0.19749378, best=0.19533987, lr=1.0e-03
Epoch  97: loss=0.18891264, best=0.18891264, lr=1.0e-03
Epoch  98: loss=0.19875345, best=0.18891264, lr=1.0e-03
Epoch  99: loss=0.18994252, best=0.18891264, lr=1.0e-03
Epoch 100: loss=0.19055741, best=0.18891264, lr=1.0e-03
Epoch 101: loss=0.19631417, best=0.18891264, lr=1.0e-03
Epoch 102: loss=0.19949745, best=0.18891264, lr=1.0e-03
Epoch 103: loss=0.19467702, best=0.18891264, lr=1.0e-03
Epoch 104: loss=0.18745676, best=0.18745676, lr=1.0e-03
Epoch 105: loss=0.18568438, best=0.18568438, lr=1.0e-03
Epoch 106: loss=0.18998936, best=0.18568438, lr=1.0e-03
Epoch 107: loss=0.17841253, best=0.17841253, lr=1.0e-03
Epoch 108: loss=0.18905364, best=0.17841253, lr=1.0e-03
Epoch 109: loss=0.19279479, best=0.17841253, lr=1.0e-03
Epoch 110: loss=0.18176397, best=0.17841253, lr=1.0e-03
Epoch 111: loss=0.18760764, best=0.17841253, lr=1.0e-03
Epoch 112: loss=0.17748676, best=0.17748676, lr=1.0e-03
Epoch 113: loss=0.17885779, best=0.17748676, lr=1.0e-03
Epoch 114: loss=0.18802408, best=0.17748676, lr=1.0e-03
Epoch 115: loss=0.17595268, best=0.17595268, lr=1.0e-03
Epoch 116: loss=0.19027564, best=0.17595268, lr=1.0e-03
Epoch 117: loss=0.17891357, best=0.17595268, lr=1.0e-03
Epoch 118: loss=0.17296480, best=0.17296480, lr=1.0e-03
Epoch 119: loss=0.17736522, best=0.17296480, lr=1.0e-03
Epoch 120: loss=0.17740742, best=0.17296480, lr=1.0e-03
Epoch 121: loss=0.17591231, best=0.17296480, lr=1.0e-03
Epoch 122: loss=0.17233630, best=0.17233630, lr=1.0e-03
Epoch 123: loss=0.17274179, best=0.17233630, lr=1.0e-03
Epoch 124: loss=0.16241669, best=0.16241669, lr=1.0e-03
Epoch 125: loss=0.16596270, best=0.16241669, lr=1.0e-03
Epoch 126: loss=0.16994697, best=0.16241669, lr=1.0e-03
Epoch 127: loss=0.15543735, best=0.15543735, lr=1.0e-03
Epoch 128: loss=0.14825875, best=0.14825875, lr=1.0e-03
Epoch 129: loss=0.15382521, best=0.14825875, lr=1.0e-03
Epoch 130: loss=0.16161007, best=0.14825875, lr=1.0e-03
Epoch 131: loss=0.16335025, best=0.14825875, lr=1.0e-03
Epoch 132: loss=0.15786761, best=0.14825875, lr=1.0e-03
Epoch 133: loss=0.15811742, best=0.14825875, lr=1.0e-03
Epoch 134: loss=0.14949881, best=0.14825875, lr=1.0e-03
Epoch 135: loss=0.15776719, best=0.14825875, lr=1.0e-03
Epoch 136: loss=0.14824194, best=0.14825875, lr=1.0e-03
Epoch 137: loss=0.14140147, best=0.14140147, lr=1.0e-03
Epoch 138: loss=0.13513562, best=0.13513562, lr=1.0e-03
Epoch 139: loss=0.13747328, best=0.13513562, lr=1.0e-03
Epoch 140: loss=0.14011584, best=0.13513562, lr=1.0e-03
Epoch 141: loss=0.14346502, best=0.13513562, lr=1.0e-03
Epoch 142: loss=0.13631776, best=0.13513562, lr=1.0e-03
Epoch 143: loss=0.13571100, best=0.13513562, lr=1.0e-03
Epoch 144: loss=0.13340634, best=0.13340634, lr=1.0e-03
Epoch 145: loss=0.12653448, best=0.12653448, lr=1.0e-03
Epoch 146: loss=0.11995077, best=0.11995077, lr=1.0e-03
Epoch 147: loss=0.11973623, best=0.11973623, lr=1.0e-03
Epoch 148: loss=0.11502921, best=0.11502921, lr=1.0e-03
Epoch 149: loss=0.12057815, best=0.11502921, lr=1.0e-03
Epoch 150: loss=0.11402358, best=0.11402358, lr=1.0e-03
Epoch 151: loss=0.11893690, best=0.11402358, lr=1.0e-03
Epoch 152: loss=0.11280054, best=0.11280054, lr=1.0e-03
Epoch 153: loss=0.10835561, best=0.10835561, lr=1.0e-03
Epoch 154: loss=0.09624054, best=0.09624054, lr=1.0e-03
Epoch 155: loss=0.10958049, best=0.09624054, lr=1.0e-03
Epoch 156: loss=0.09981498, best=0.09624054, lr=1.0e-03
Epoch 157: loss=0.10007794, best=0.09624054, lr=1.0e-03
Epoch 158: loss=0.09878904, best=0.09624054, lr=1.0e-03
Epoch 159: loss=0.09151660, best=0.09151660, lr=1.0e-03
Epoch 160: loss=0.08652431, best=0.08652431, lr=1.0e-03
Epoch 161: loss=0.08873408, best=0.08652431, lr=1.0e-03
Epoch 162: loss=0.09060963, best=0.08652431, lr=1.0e-03
Epoch 163: loss=0.08866530, best=0.08652431, lr=1.0e-03
Epoch 164: loss=0.07372186, best=0.07372186, lr=1.0e-03
Epoch 165: loss=0.07130166, best=0.07130166, lr=1.0e-03
Epoch 166: loss=0.07103016, best=0.07103016, lr=1.0e-03
Epoch 167: loss=0.05708901, best=0.05708901, lr=1.0e-03
Epoch 168: loss=0.05754050, best=0.05708901, lr=1.0e-03
Epoch 169: loss=0.06486715, best=0.05708901, lr=1.0e-03
Epoch 170: loss=0.04731301, best=0.04731301, lr=1.0e-03
Epoch 171: loss=0.04581922, best=0.04581922, lr=1.0e-03
Epoch 172: loss=0.05441054, best=0.04581922, lr=1.0e-03
Epoch 173: loss=0.04169672, best=0.04169672, lr=1.0e-03
Epoch 174: loss=0.03850110, best=0.03850110, lr=1.0e-03
Epoch 175: loss=0.03173294, best=0.03173294, lr=1.0e-03
Epoch 176: loss=0.02634903, best=0.02634903, lr=1.0e-03
Epoch 177: loss=0.03747223, best=0.02634903, lr=1.0e-03
Epoch 178: loss=0.03114476, best=0.02634903, lr=1.0e-03
Epoch 179: loss=0.01507589, best=0.01507589, lr=1.0e-03
Epoch 180: loss=0.02167407, best=0.01507589, lr=1.0e-03
Epoch 181: loss=0.01172121, best=0.01172121, lr=1.0e-03
Epoch 182: loss=0.02473371, best=0.01172121, lr=1.0e-03
Epoch 183: loss=0.01014043, best=0.01014043, lr=1.0e-03
Epoch 184: loss=0.00451162, best=0.00451162, lr=1.0e-03
Epoch 185: loss=-0.00533751, best=-0.00533751, lr=1.0e-03
Epoch 186: loss=-0.00130467, best=-0.00533751, lr=1.0e-03
Epoch 187: loss=-0.00365468, best=-0.00533751, lr=1.0e-03
Epoch 188: loss=-0.01207684, best=-0.01207684, lr=1.0e-03
Epoch 189: loss=-0.01414312, best=-0.01414312, lr=1.0e-03
Epoch 190: loss=-0.02509524, best=-0.02509524, lr=1.0e-03
Epoch 191: loss=-0.01767647, best=-0.02509524, lr=1.0e-03
Epoch 192: loss=-0.01519422, best=-0.02509524, lr=1.0e-03
Epoch 193: loss=-0.02136615, best=-0.02509524, lr=1.0e-03
Epoch 194: loss=-0.03919649, best=-0.03919649, lr=1.0e-03
Epoch 195: loss=-0.02557489, best=-0.03919649, lr=1.0e-03
Epoch 196: loss=-0.02867894, best=-0.03919649, lr=1.0e-03
Epoch 197: loss=-0.03752248, best=-0.03919649, lr=1.0e-03
Epoch 198: loss=-0.04970845, best=-0.04970845, lr=1.0e-03
Epoch 199: loss=-0.06385544, best=-0.06385544, lr=1.0e-03
Epoch 200: loss=-0.05310929, best=-0.06385544, lr=1.0e-03
Parity check: 3/3 paths, 0.8 s
Checkpoint reload and parallel/serial paths agree exactly.
is: 25/1000 paths, 5.3 s
is: 50/1000 paths, 8.8 s
is: 75/1000 paths, 12.3 s
is: 100/1000 paths, 15.9 s
is: 125/1000 paths, 19.4 s
is: 150/1000 paths, 23.1 s
is: 175/1000 paths, 26.6 s
is: 200/1000 paths, 30.2 s
is: 225/1000 paths, 33.8 s
is: 250/1000 paths, 37.6 s
is: 275/1000 paths, 41.4 s
is: 300/1000 paths, 45.5 s
is: 325/1000 paths, 49.3 s
is: 350/1000 paths, 52.9 s
is: 375/1000 paths, 56.5 s
is: 400/1000 paths, 60.2 s
is: 425/1000 paths, 63.8 s
is: 450/1000 paths, 67.5 s
is: 475/1000 paths, 71.2 s
is: 500/1000 paths, 74.7 s
is: 525/1000 paths, 78.6 s
is: 550/1000 paths, 82.4 s
is: 575/1000 paths, 86.2 s
is: 600/1000 paths, 89.8 s
is: 625/1000 paths, 93.4 s
is: 650/1000 paths, 97.0 s
is: 675/1000 paths, 100.9 s
is: 700/1000 paths, 104.5 s
is: 725/1000 paths, 108.4 s
is: 750/1000 paths, 111.9 s
is: 775/1000 paths, 115.7 s
is: 800/1000 paths, 119.7 s
is: 825/1000 paths, 123.3 s
is: 850/1000 paths, 126.9 s
is: 875/1000 paths, 130.6 s
is: 900/1000 paths, 134.6 s
is: 925/1000 paths, 138.3 s
is: 950/1000 paths, 142.0 s
is: 975/1000 paths, 145.7 s
is: 1000/1000 paths, 149.5 s
oos: 25/1000 paths, 0.4 s
oos: 50/1000 paths, 0.8 s
oos: 75/1000 paths, 1.1 s
oos: 100/1000 paths, 1.4 s
oos: 125/1000 paths, 1.8 s
oos: 150/1000 paths, 2.1 s
oos: 175/1000 paths, 2.4 s
oos: 200/1000 paths, 2.7 s
oos: 225/1000 paths, 3.1 s
oos: 250/1000 paths, 3.4 s
oos: 275/1000 paths, 3.7 s
oos: 300/1000 paths, 4.0 s
oos: 325/1000 paths, 4.4 s
oos: 350/1000 paths, 4.7 s
oos: 375/1000 paths, 5.1 s
oos: 400/1000 paths, 5.4 s
oos: 425/1000 paths, 5.7 s
oos: 450/1000 paths, 6.1 s
oos: 475/1000 paths, 6.4 s
oos: 500/1000 paths, 6.7 s
oos: 525/1000 paths, 7.1 s
oos: 550/1000 paths, 7.4 s
oos: 575/1000 paths, 7.7 s
oos: 600/1000 paths, 8.1 s
oos: 625/1000 paths, 8.4 s
oos: 650/1000 paths, 8.7 s
oos: 675/1000 paths, 9.1 s
oos: 700/1000 paths, 9.4 s
oos: 725/1000 paths, 9.7 s
oos: 750/1000 paths, 10.0 s
oos: 775/1000 paths, 10.4 s
oos: 800/1000 paths, 10.7 s
oos: 825/1000 paths, 11.0 s
oos: 850/1000 paths, 11.4 s
oos: 875/1000 paths, 11.7 s
oos: 900/1000 paths, 12.0 s
oos: 925/1000 paths, 12.4 s
oos: 950/1000 paths, 12.7 s
oos: 975/1000 paths, 13.0 s
oos: 1000/1000 paths, 13.4 s
{"mode": "full", "epochs_completed": 200, "best_epoch": 199, "parameters": 37954}
